[     196ms] [LOG] %c
                             .$$$$$$$$$$$$$$$$$$$$$$$$$$$$$$$$$$$$$$
                .$$$$$$$+///////////////////////////////////////////+$$$$$$$.
          $$$$$$€//////////////////////////////////////////////////++++++++++$$$$$$.
     .$$$$$+////////////////                                     +/+++++++++++++++$$$$$$
  .$$$$$++++//////+                                                       .+++++++€€€$$$$$$
.$$$$$€€++++/                                                                   ++€€€€$$$$$$.
$$$$$$€€+$                                                                         .€€$€$$$$$
$$$$$$€                                                                               $$$$$$$
$$$$$$$                       $$$$$$$$$               $$$$$$$$$                       $$$$$$€
$$$$$$$$$$                    /////////               /////////                    $$$$$$$++€
 $$$€€$$$$$$$$.               /////////               /////////               .$$$$$$$€++++€
  $$$€€€€€€$$$$$$$$$$.        /////////               /////////        .$$$$$$$$$+/////++++
    .€€€€€€€€++++++$$$$$$$$$$$/////////               /////////$$$$$$$$$$$/////////////+.
        $€€€€++++++++++++//////////////               //////////////////////////////$
             €++++++++++++/////////////               /////////////////////////
                      ++++/////////////               /////////////////
                              /////////               /////////
                              /////////               /////////
                              /////////               /////////


                              ###          CREDITS          ###
                              DESIGNED, DEVELOPED AND DELIVERED
                                       BY  Ivan Chopei         
                                            @2026              

                              PRODUCER............Maks Stepenko
                              AGENCY............THEFIRSTTHELAST


                              :::::::::::::::::::::::::::::::::
                              WWW.       THEFIRSTTHELAST.AGENCY
 font-size:10px;color: rgb(255, 117, 194);font-family:monospace; @ https://jeskojets.com/:270
[    4002ms] [INFO] [@barba/core]  2.10.3 @ https://unpkg.com/@barba/core:0
[    4004ms] [INFO] [@barba/core]  Transition found [once] {name: slide-fade, once: , leave: , enter: , beforeEnter: } @ https://unpkg.com/@barba/core:0
